"
project: spec name: name
    <project: 'NameofProject' reference: 'NameOfFile'>
"
    spec
        for: #'common'
        do: [ 
            spec
                projectReference: name
                with: [ 
                    spec
                        version: '3.0.6.3';
                        repository: 'github://Seaside/Seaside30/Seaside30.source' ] ]
